[backblue.gif]
[fade.gif]
[index.html]
[cmhxhtbnp00vls6010vuujuop.preview.wbj.dev/images/og-image.jpg]
[cmhxhtbnp00vls6010vuujuop.preview.wbj.dev/assets/index-Bf3JDUA8.js]
[app.webjourney.pro/plugins/plugin.iife.js]
[cmhxhtbnp00vls6010vuujuop.preview.wbj.dev/img/lawless-capture-xkvxtri-13g-unsplash-1.png]
[cmhxhtbnp00vls6010vuujuop.preview.wbj.dev/mocks/mock_1.png]
[cmhxhtbnp00vls6010vuujuop.preview.wbj.dev/mocks/mock_2.png]
[cmhxhtbnp00vls6010vuujuop.preview.wbj.dev/mocks/mock_3.png]
[cmhxhtbnp00vls6010vuujuop.preview.wbj.dev/img/tax-calculator-dashboard.jpg]
[cmhxhtbnp00vls6010vuujuop.preview.wbj.dev/img/sarb-economic-dashboard.jpg]
[cmhxhtbnp00vls6010vuujuop.preview.wbj.dev/img/sars-forms-interface.jpg]
[cmhxhtbnp00vls6010vuujuop.preview.wbj.dev/img/tax-optimization-ui.jpg]
[cmhxhtbnp00vls6010vuujuop.preview.wbj.dev/img/historical-tax-trends.jpg]
[cmhxhtbnp00vls6010vuujuop.preview.wbj.dev/img/grid-3.png]
[cmhxhtbnp00vls6010vuujuop.preview.wbj.dev/img/jason-moyer-a73ah5jktva-unsplash-1-2.png]
[cmhxhtbnp00vls6010vuujuop.preview.wbj.dev/index.html]
[cmhxhtbnp00vls6010vuujuop.preview.wbj.dev/favicon.svg]
[cmhxhtbnp00vls6010vuujuop.preview.wbj.dev/assets/index-D5YrFNDR.css]
[cmhxhtbnp00vls6010vuujuop.preview.wbj.dev/img/vector-16.svg]
[cmhxhtbnp00vls6010vuujuop.preview.wbj.dev/img/vector-17.svg]
[cmhxhtbnp00vls6010vuujuop.preview.wbj.dev/img/vector-18.svg]
[cmhxhtbnp00vls6010vuujuop.preview.wbj.dev/calculator.html]
[cmhxhtbnp00vls6010vuujuop.preview.wbj.dev/img/mdi-briefcase-outline.svg]
[cmhxhtbnp00vls6010vuujuop.preview.wbj.dev/img/mdi-chart-line-1.svg]
[cmhxhtbnp00vls6010vuujuop.preview.wbj.dev/img/mdi-airplane-2.svg]
[cmhxhtbnp00vls6010vuujuop.preview.wbj.dev/img/mdi-coffee-outline-1.svg]
[cmhxhtbnp00vls6010vuujuop.preview.wbj.dev/img/container.svg]
[cmhxhtbnp00vls6010vuujuop.preview.wbj.dev/img/mdi-format-quote-close-2.svg]
[cmhxhtbnp00vls6010vuujuop.preview.wbj.dev/img/logo.svg]
[cmhxhtbnp00vls6010vuujuop.preview.wbj.dev/img/mdi-star-4.svg]
[cmhxhtbnp00vls6010vuujuop.preview.wbj.dev/img/logo-1.svg]
[cmhxhtbnp00vls6010vuujuop.preview.wbj.dev/img/mdi-star-9.svg]
[cmhxhtbnp00vls6010vuujuop.preview.wbj.dev/img/mdi-plus-7.svg]
[cmhxhtbnp00vls6010vuujuop.preview.wbj.dev/img/mdi-face-agent.svg]
[cmhxhtbnp00vls6010vuujuop.preview.wbj.dev/img/mdi-twitter-1.svg]
[cmhxhtbnp00vls6010vuujuop.preview.wbj.dev/img/mdi-instagram.svg]
[cmhxhtbnp00vls6010vuujuop.preview.wbj.dev/img/mdi-pinterest.svg]
[cmhxhtbnp00vls6010vuujuop.preview.wbj.dev/img/mdi-facebook.svg]
